// Jest Snapshot v1, https://goo.gl/fbAQLP

exports[`renders a message 1`] = `
<div>
  <section
    class="navbar"
  >
    <div />
    <ul
      class="navbar__menu"
    >
      <li
        class="navbar__item"
      >
        <a
          class="navbar__link"
          href="/"
        >
          Home
        </a>
      </li>
      <li
        class="navbar__item"
      >
        <a
          class="navbar__link"
          href="/"
        >
          Alur Belajar
        </a>
      </li>
      <li
        class="navbar__item"
      >
        <a
          class="navbar__link"
          href="/"
        >
          Akun
        </a>
      </li>
    </ul>
    <button
      class="navbar__toggle"
      data-testid="button"
      type="button"
    >
      <div />
      <div />
      <div />
    </button>
    <ul
      class="navbar__side-menu"
    >
      <li
        class="navbar__item"
      >
        <a
          class="navbar__link"
          href="/"
        >
          Home
        </a>
      </li>
      <li
        class="navbar__item"
      >
        <a
          class="navbar__link"
          href="/"
        >
          Alur Belajar
        </a>
      </li>
      <li
        class="navbar__item"
      >
        <a
          class="navbar__link"
          href="/"
        >
          Akun
        </a>
      </li>
    </ul>
  </section>
</div>
`;
